pgb2002,FORPATCIT_G,8771,0,NULL,
pgb2003,FORPATCIT_G,9671,0,NULL,
ipgb2008,INVENTOR_G,9631,0,NULL,
ipgb2012,INVENTOR_G,13779,0,NULL,
ipgb2005,USCLASS_G,20847,0,NULL,
ipgb2010,INVENTOR_G,10887,0,NULL,
ipgb2007,INVENTOR_G,8752,0,NULL,
ipgb20100323_wk12,INVENTOR_G,12228,0,NULL,
ipgb20070306_wk10,INVENTOR_G,8364,0,NULL,
pgb20041221_wk51,AGENT_G,2697,0,NULL,
ipgb20090512_wk19,INVENTOR_G,9358,0,NULL,
ipgb20060425_wk17,INVENTOR_G,10731,0,NULL,
ipgb20050329_wk13,USCLASS_G,27957,0,NULL,
pgb20020430_wk18,AGENT_G,4721,0,NULL,
pgb20040210_wk06,AGENT_G,4224,0,NULL,
pgb20020514_wk20,FORPATCIT_G,9805,0,NULL,
ipgb20050614_wk24,INVENTOR_G,7937,0,NULL,
ipgb20090224_wk08,INVENTOR_G,9550,0,NULL,
pgb20021203_wk49,AGENT_G,3963,0,NULL,
pgb20030318_wk11,AGENT_G,4362,0,NULL,
pgb20040224_wk08,FORPATCIT_G,9233,0,NULL,
ipgb20120501_wk18,INVENTOR_G,14377,0,NULL,
ipgb20120508_wk19,INVENTOR_G,14771,0,NULL,
pgb20021224_wk52,FORPATCIT_G,6440,0,NULL,
pgb20030408_wk14,FORPATCIT_G,10026,0,NULL,
ipgb20080422_wk17,INVENTOR_G,9738,0,NULL,
ipgb20051122_wk47,USCLASS_G,26310,0,NULL,
ipgb20100629_wk26,INVENTOR_G,13216,0,NULL,
ipgb20070612_wk24,INVENTOR_G,8845,0,NULL,
ipgb20100330_wk13,INVENTOR_G,12457,0,NULL,
ipgb20070313_wk11,INVENTOR_G,8778,0,NULL,
pgb20041228_wk52,AGENT_G,3108,0,NULL,
ipgb20090519_wk20,INVENTOR_G,9601,0,NULL,
ipgb20060502_wk18,INVENTOR_G,10465,0,NULL,
ipgb20050405_wk14,USCLASS_G,30719,0,NULL,
pgb20020507_wk19,AGENT_G,4899,0,NULL,
pgb20040601_wk22,FORPATCIT_G,6771,0,NULL,
pgb20040217_wk07,AGENT_G,4006,0,NULL,
pgb20020521_wk21,FORPATCIT_G,10404,0,NULL,
ipgb20050621_wk25,INVENTOR_G,6762,0,NULL,
ipgb20090303_wk09,INVENTOR_G,9387,0,NULL,
pgb20021210_wk50,AGENT_G,4115,0,NULL,
pgb20030325_wk12,AGENT_G,4407,0,NULL,
pgb20040302_wk09,FORPATCIT_G,8837,0,NULL,
pgb20040309_wk10,FORPATCIT_G,9859,0,NULL,
ipgb20080729_wk31,INVENTOR_G,7304,0,NULL,
ipgb20120515_wk20,INVENTOR_G,13792,0,NULL,
pgb20021231_wk53,FORPATCIT_G,8796,0,NULL,
pgb20030415_wk15,FORPATCIT_G,9805,0,NULL,
ipgb20080429_wk18,INVENTOR_G,9877,0,NULL,
ipgb20051129_wk48,USCLASS_G,27513,0,NULL,
ipgb20100706_wk27,INVENTOR_G,13216,0,NULL,
ipgb20070619_wk25,INVENTOR_G,6908,0,NULL,
ipgb20100406_wk14,INVENTOR_G,12406,0,NULL,
ipgb20070320_wk12,INVENTOR_G,9294,0,NULL,
ipgb20090526_wk21,INVENTOR_G,9379,0,NULL,
ipgb20060509_wk19,INVENTOR_G,10395,0,NULL,
ipgb20050412_wk15,USCLASS_G,27964,0,NULL,
pgb20020514_wk20,AGENT_G,4662,0,NULL,
pgb20040608_wk23,FORPATCIT_G,6622,0,NULL,
pgb20040224_wk08,AGENT_G,4348,0,NULL,
pgb20020528_wk22,FORPATCIT_G,10081,0,NULL,
ipgb20050628_wk26,INVENTOR_G,6656,0,NULL,
ipgb20090310_wk10,INVENTOR_G,8296,0,NULL,
pgb20021217_wk51,AGENT_G,4001,0,NULL,
pgb20030401_wk13,AGENT_G,4413,0,NULL,
pgb20021224_wk52,AGENT_G,2843,0,NULL,
pgb20030408_wk14,AGENT_G,4456,0,NULL,
pgb20040316_wk11,FORPATCIT_G,10504,0,NULL,
ipgb20080805_wk32,INVENTOR_G,8564,0,NULL,
ipgb20120522_wk21,INVENTOR_G,13800,0,NULL,
pgb20030107_wk01,FORPATCIT_G,9117,0,NULL,
pgb20030422_wk16,FORPATCIT_G,10117,0,NULL,
ipgb20080506_wk19,INVENTOR_G,9550,0,NULL,
ipgb20051206_wk49,USCLASS_G,27676,0,NULL,
ipgb20100713_wk28,INVENTOR_G,12919,0,NULL,
ipgb20070626_wk26,INVENTOR_G,8670,0,NULL,
ipgb20100413_wk15,INVENTOR_G,12562,0,NULL,
ipgb20070327_wk13,INVENTOR_G,8725,0,NULL,
ipgb20090602_wk22,INVENTOR_G,9317,0,NULL,
ipgb20060516_wk20,INVENTOR_G,10068,0,NULL,
ipgb20050419_wk16,USCLASS_G,28739,0,NULL,
pgb20020521_wk21,AGENT_G,5038,0,NULL,
pgb20040615_wk24,FORPATCIT_G,7016,0,NULL,
pgb20040302_wk09,AGENT_G,4173,0,NULL,
pgb20020604_wk23,FORPATCIT_G,10107,0,NULL,
ipgb20050705_wk27,INVENTOR_G,7359,0,NULL,
pgb20020611_wk24,FORPATCIT_G,10618,0,NULL,
ipgb20050712_wk28,INVENTOR_G,7177,0,NULL,
pgb20021231_wk53,AGENT_G,3944,0,NULL,
pgb20030415_wk15,AGENT_G,4458,0,NULL,
pgb20040323_wk12,FORPATCIT_G,9652,0,NULL,
ipgb20080812_wk33,INVENTOR_G,8463,0,NULL,
ipgb20120529_wk22,INVENTOR_G,15117,0,NULL,
pgb20030114_wk02,FORPATCIT_G,7816,0,NULL,
pgb20030429_wk17,FORPATCIT_G,9822,0,NULL,
ipgb20080513_wk20,INVENTOR_G,9481,0,NULL,
ipgb20051213_wk50,USCLASS_G,27006,0,NULL,
ipgb20100720_wk29,INVENTOR_G,12949,0,NULL,
ipgb20070703_wk27,INVENTOR_G,8966,0,NULL,
ipgb20100420_wk16,INVENTOR_G,12680,0,NULL,
ipgb20070403_wk14,INVENTOR_G,8751,0,NULL,
ipgb20090609_wk23,INVENTOR_G,9533,0,NULL,
pgb20040608_wk23,AGENT_G,4099,0,NULL,
ipgb20060523_wk21,INVENTOR_G,10491,0,NULL,
ipgb20050426_wk17,USCLASS_G,31114,0,NULL,
pgb20020528_wk22,AGENT_G,4715,0,NULL,
pgb20040622_wk25,FORPATCIT_G,6012,0,NULL,
pgb20040309_wk10,AGENT_G,4185,0,NULL,
pgb20040629_wk26,FORPATCIT_G,6072,0,NULL,
pgb20040316_wk11,AGENT_G,3963,0,NULL,
pgb20020618_wk25,FORPATCIT_G,8565,0,NULL,
ipgb20050719_wk29,INVENTOR_G,7003,0,NULL,
pgb20030107_wk01,AGENT_G,4117,0,NULL,
pgb20030422_wk16,AGENT_G,4358,0,NULL,
pgb20040330_wk13,FORPATCIT_G,7720,0,NULL,
ipgb20080819_wk34,INVENTOR_G,8502,0,NULL,
ipgb20120605_wk23,INVENTOR_G,14526,0,NULL,
pgb20030121_wk03,FORPATCIT_G,6500,0,NULL,
pgb20030506_wk18,FORPATCIT_G,9812,0,NULL,
ipgb20080520_wk21,INVENTOR_G,9407,0,NULL,
ipgb20051220_wk51,USCLASS_G,24317,0,NULL,
ipgb20100727_wk30,INVENTOR_G,10603,0,NULL,
ipgb20070710_wk28,INVENTOR_G,8682,0,NULL,
ipgb20100427_wk17,INVENTOR_G,12800,0,NULL,
ipgb20070410_wk15,INVENTOR_G,8745,0,NULL,
ipgb20090616_wk24,INVENTOR_G,7588,0,NULL,
pgb20040615_wk24,AGENT_G,4166,0,NULL,
ipgb20060530_wk22,INVENTOR_G,10316,0,NULL,
ipgb20050503_wk18,USCLASS_G,31130,0,NULL,
pgb20020604_wk23,AGENT_G,4914,0,NULL,
ipgb20050510_wk19,USCLASS_G,28938,0,NULL,
pgb20020611_wk24,AGENT_G,5060,0,NULL,
pgb20040706_wk27,FORPATCIT_G,7102,0,NULL,
pgb20040323_wk12,AGENT_G,4267,0,NULL,
pgb20020625_wk26,FORPATCIT_G,10133,0,NULL,
ipgb20050726_wk30,INVENTOR_G,5534,0,NULL,
pgb20030114_wk02,AGENT_G,3413,0,NULL,
pgb20030429_wk17,AGENT_G,4550,0,NULL,
pgb20040406_wk14,FORPATCIT_G,7376,0,NULL,
ipgb20080826_wk35,INVENTOR_G,8691,0,NULL,
ipgb20120612_wk24,INVENTOR_G,14366,0,NULL,
pgb20030128_wk04,FORPATCIT_G,7224,0,NULL,
pgb20030513_wk19,FORPATCIT_G,9792,0,NULL,
ipgb20080527_wk22,INVENTOR_G,9462,0,NULL,
ipgb20051227_wk52,USCLASS_G,29026,0,NULL,
ipgb20100803_wk31,INVENTOR_G,13143,0,NULL,
ipgb20070717_wk29,INVENTOR_G,8575,0,NULL,
ipgb20100504_wk18,INVENTOR_G,12964,0,NULL,
ipgb20070417_wk16,INVENTOR_G,8785,0,NULL,
ipgb20060905_wk36,INVENTOR_G,9792,0,NULL,
ipgb20090623_wk25,INVENTOR_G,9502,0,NULL,
pgb20040622_wk25,AGENT_G,4033,0,NULL,
ipgb20060606_wk23,INVENTOR_G,10349,0,NULL,
ipgb20060613_wk24,INVENTOR_G,10550,0,NULL,
ipgb20050517_wk20,USCLASS_G,30751,0,NULL,
pgb20020618_wk25,AGENT_G,3858,0,NULL,
pgb20040713_wk28,FORPATCIT_G,5265,0,NULL,
pgb20040330_wk13,AGENT_G,4093,0,NULL,
pgb20020702_wk27,FORPATCIT_G,9174,0,NULL,
ipgb20050802_wk31,INVENTOR_G,7381,0,NULL,
pgb20030121_wk03,AGENT_G,3367,0,NULL,
pgb20030506_wk18,AGENT_G,4539,0,NULL,
pgb20040413_wk15,FORPATCIT_G,7143,0,NULL,
ipgb20080902_wk36,INVENTOR_G,8527,0,NULL,
ipgb20120619_wk25,INVENTOR_G,11324,0,NULL,
pgb20030204_wk05,FORPATCIT_G,9584,0,NULL,
pgb20030520_wk20,FORPATCIT_G,10082,0,NULL,
ipgb20080603_wk23,INVENTOR_G,9445,0,NULL,
ipgb20100810_wk32,INVENTOR_G,13511,0,NULL,
ipgb20070724_wk30,INVENTOR_G,8473,0,NULL,
ipgb20100511_wk19,INVENTOR_G,13015,0,NULL,
ipgb20060912_wk37,INVENTOR_G,9954,0,NULL,
ipgb20090630_wk26,INVENTOR_G,9633,0,NULL,
pgb20040629_wk26,AGENT_G,3823,0,NULL,
ipgb20090707_wk27,INVENTOR_G,9578,0,NULL,
pgb20040706_wk27,AGENT_G,3900,0,NULL,
ipgb20060620_wk25,INVENTOR_G,8389,0,NULL,
ipgb20050524_wk21,USCLASS_G,31724,0,NULL,
pgb20020625_wk26,AGENT_G,4833,0,NULL,
pgb20040720_wk29,FORPATCIT_G,5295,0,NULL,
pgb20040406_wk14,AGENT_G,4258,0,NULL,
ipgb20050809_wk32,INVENTOR_G,7355,0,NULL,
pgb20030128_wk04,AGENT_G,3347,0,NULL,
pgb20030513_wk19,AGENT_G,4449,0,NULL,
ipgb20120925_wk39,INVENTOR_G,12026,0,NULL,
pgb20040420_wk16,FORPATCIT_G,7477,0,NULL,
ipgb20080909_wk37,INVENTOR_G,8471,0,NULL,
ipgb20120626_wk26,INVENTOR_G,13190,0,NULL,
pgb20030211_wk06,FORPATCIT_G,9178,0,NULL,
pgb20030527_wk21,FORPATCIT_G,9930,0,NULL,
ipgb20080610_wk24,INVENTOR_G,9529,0,NULL,
ipgb20100817_wk33,INVENTOR_G,13319,0,NULL,
ipgb20050531_wk22,USCLASS_G,27749,0,NULL,
ipgb20070731_wk31,INVENTOR_G,7030,0,NULL,
ipgb20100518_wk20,INVENTOR_G,12807,0,NULL,
ipgb20060919_wk38,INVENTOR_G,10351,0,NULL,
ipgb20060926_wk39,INVENTOR_G,7999,0,NULL,
ipgb20090714_wk28,INVENTOR_G,9472,0,NULL,
pgb20040713_wk28,AGENT_G,3212,0,NULL,
ipgb20060627_wk26,INVENTOR_G,10277,0,NULL,
pgb20020702_wk27,AGENT_G,4206,0,NULL,
pgb20040727_wk30,FORPATCIT_G,5011,0,NULL,
pgb20040413_wk15,AGENT_G,4251,0,NULL,
ipgb20050816_wk33,INVENTOR_G,7801,0,NULL,
pgb20030204_wk05,AGENT_G,4175,0,NULL,
pgb20030520_wk20,AGENT_G,4494,0,NULL,
ipgb20121002_wk40,INVENTOR_G,14761,0,NULL,
pgb20040427_wk17,FORPATCIT_G,7253,0,NULL,
ipgb20080916_wk38,INVENTOR_G,6117,0,NULL,
ipgb20120703_wk27,INVENTOR_G,14600,0,NULL,
pgb20030218_wk07,FORPATCIT_G,9817,0,NULL,
pgb20030603_wk22,FORPATCIT_G,8900,0,NULL,
ipgb20080617_wk25,INVENTOR_G,7679,0,NULL,
pgb20020709_wk28,FORPATCIT_G,9943,0,NULL,
ipgb20100824_wk34,INVENTOR_G,13267,0,NULL,
ipgb20050607_wk23,USCLASS_G,30238,0,NULL,
ipgb20070807_wk32,INVENTOR_G,8748,0,NULL,
ipgb20100525_wk21,INVENTOR_G,13250,0,NULL,
ipgb20061003_wk40,INVENTOR_G,9488,0,NULL,
ipgb20090721_wk29,INVENTOR_G,9296,0,NULL,
pgb20040720_wk29,AGENT_G,3727,0,NULL,
ipgb20060704_wk27,INVENTOR_G,10180,0,NULL,
pgb20020709_wk28,AGENT_G,3988,0,NULL,
pgb20040803_wk31,FORPATCIT_G,6519,0,NULL,
pgb20040420_wk16,AGENT_G,4389,0,NULL,
ipgb20050823_wk34,INVENTOR_G,8176,0,NULL,
pgb20030211_wk06,AGENT_G,4120,0,NULL,
pgb20030527_wk21,AGENT_G,4326,0,NULL,
ipgb20121009_wk41,INVENTOR_G,13505,0,NULL,
pgb20040504_wk18,FORPATCIT_G,6963,0,NULL,
ipgb20080923_wk39,INVENTOR_G,5741,0,NULL,
ipgb20120710_wk28,INVENTOR_G,14356,0,NULL,
pgb20030610_wk23,FORPATCIT_G,10546,0,NULL,
ipgb20080624_wk26,INVENTOR_G,8504,0,NULL,
pgb20020716_wk29,FORPATCIT_G,8789,0,NULL,
ipgb20100831_wk35,INVENTOR_G,13331,0,NULL,
ipgb20050614_wk24,USCLASS_G,29538,0,NULL,
ipgb20070814_wk33,INVENTOR_G,8603,0,NULL,
ipgb20100601_wk22,INVENTOR_G,13200,0,NULL,
ipgb20050104_wk01,INVENTOR_G,7822,0,NULL,
ipgb20050111_wk02,INVENTOR_G,7975,0,NULL,
ipgb20061010_wk41,INVENTOR_G,9387,0,NULL,
ipgb20090728_wk30,INVENTOR_G,7490,0,NULL,
pgb20040727_wk30,AGENT_G,3403,0,NULL,
ipgb20060711_wk28,INVENTOR_G,10077,0,NULL,
pgb20040810_wk32,FORPATCIT_G,6656,0,NULL,
pgb20040427_wk17,AGENT_G,4322,0,NULL,
ipgb20050830_wk35,INVENTOR_G,8806,0,NULL,
pgb20030218_wk07,AGENT_G,4375,0,NULL,
pgb20030603_wk22,AGENT_G,4235,0,NULL,
ipgb20121016_wk42,INVENTOR_G,15077,0,NULL,
pgb20040511_wk19,FORPATCIT_G,6644,0,NULL,
ipgb20080930_wk40,INVENTOR_G,6041,0,NULL,
ipgb20120717_wk29,INVENTOR_G,14988,0,NULL,
pgb20030617_wk24,FORPATCIT_G,7937,0,NULL,
ipgb20080701_wk27,INVENTOR_G,8597,0,NULL,
pgb20020723_wk30,FORPATCIT_G,8471,0,NULL,
ipgb20100907_wk36,INVENTOR_G,13396,0,NULL,
ipgb20050621_wk25,USCLASS_G,26533,0,NULL,
ipgb20070821_wk34,INVENTOR_G,8522,0,NULL,
ipgb20100608_wk23,INVENTOR_G,12995,0,NULL,
ipgb20100615_wk24,INVENTOR_G,13177,0,NULL,
ipgb20050118_wk03,INVENTOR_G,6776,0,NULL,
ipgb20091103_wk44,INVENTOR_G,10112,0,NULL,
ipgb20061017_wk42,INVENTOR_G,9749,0,NULL,
ipgb20090804_wk31,INVENTOR_G,9305,0,NULL,
pgb20040803_wk31,AGENT_G,4152,0,NULL,
ipgb20060718_wk29,INVENTOR_G,9822,0,NULL,
pgb20040817_wk33,FORPATCIT_G,6938,0,NULL,
pgb20040504_wk18,AGENT_G,4315,0,NULL,
ipgb20050906_wk36,INVENTOR_G,8644,0,NULL,
pgb20030225_wk08,AGENT_G,4292,0,NULL,
pgb20030610_wk23,AGENT_G,4295,0,NULL,
ipgb20121023_wk43,INVENTOR_G,15072,0,NULL,
pgb20040518_wk20,FORPATCIT_G,7023,0,NULL,
ipgb20081007_wk41,INVENTOR_G,9991,0,NULL,
pgb20020716_wk29,AGENT_G,4260,0,NULL,
ipgb20120724_wk30,INVENTOR_G,14826,0,NULL,
pgb20030624_wk25,FORPATCIT_G,9668,0,NULL,
ipgb20080708_wk28,INVENTOR_G,8677,0,NULL,
pgb20020730_wk31,FORPATCIT_G,5258,0,NULL,
ipgb20100914_wk37,INVENTOR_G,12663,0,NULL,
ipgb20050628_wk26,USCLASS_G,25832,0,NULL,
ipgb20070828_wk35,INVENTOR_G,8416,0,NULL,
ipgb20050705_wk27,USCLASS_G,28053,0,NULL,
ipgb20070904_wk36,INVENTOR_G,8771,0,NULL,
ipgb20050125_wk04,INVENTOR_G,6911,0,NULL,
ipgb20091110_wk45,INVENTOR_G,9908,0,NULL,
ipgb20061024_wk43,INVENTOR_G,9038,0,NULL,
ipgb20090811_wk32,INVENTOR_G,9196,0,NULL,
pgb20040810_wk32,AGENT_G,4326,0,NULL,
ipgb20060725_wk30,INVENTOR_G,6084,0,NULL,
pgb20040824_wk34,FORPATCIT_G,6654,0,NULL,
pgb20040511_wk19,AGENT_G,4347,0,NULL,
ipgb20050913_wk37,INVENTOR_G,8496,0,NULL,
pgb20030617_wk24,AGENT_G,3742,0,NULL,
ipgb20121030_wk44,INVENTOR_G,15394,0,NULL,
pgb20040525_wk21,FORPATCIT_G,6755,0,NULL,
pgb20020101_wk01,FORPATCIT_G,6425,0,NULL,
ipgb20081014_wk42,INVENTOR_G,9846,0,NULL,
pgb20020723_wk30,AGENT_G,4053,0,NULL,
ipgb20120731_wk31,INVENTOR_G,12189,0,NULL,
pgb20030701_wk26,FORPATCIT_G,9908,0,NULL,
pgb20031014_wk41,FORPATCIT_G,8432,0,NULL,
ipgb20080715_wk29,INVENTOR_G,8144,0,NULL,
pgb20020806_wk32,FORPATCIT_G,9130,0,NULL,
ipgb20100921_wk38,INVENTOR_G,13395,0,NULL,
ipgb20100928_wk39,INVENTOR_G,10047,0,NULL,
ipgb20050712_wk28,USCLASS_G,26741,0,NULL,
ipgb20070911_wk37,INVENTOR_G,8370,0,NULL,
ipgb20050201_wk05,INVENTOR_G,8165,0,NULL,
ipgb20091117_wk46,INVENTOR_G,9819,0,NULL,
ipgb20061031_wk44,INVENTOR_G,9429,0,NULL,
ipgb20090818_wk33,INVENTOR_G,9424,0,NULL,
pgb20040817_wk33,AGENT_G,4311,0,NULL,
ipgb20060801_wk31,INVENTOR_G,9646,0,NULL,
pgb20040831_wk35,FORPATCIT_G,7305,0,NULL,
pgb20040518_wk20,AGENT_G,4076,0,NULL,
ipgb20050920_wk38,INVENTOR_G,8683,0,NULL,
pgb20030624_wk25,AGENT_G,4246,0,NULL,
ipgb20121106_wk45,INVENTOR_G,14720,0,NULL,
pgb20020108_wk02,FORPATCIT_G,5722,0,NULL,
ipgb20081021_wk43,INVENTOR_G,9964,0,NULL,
pgb20020730_wk31,AGENT_G,2650,0,NULL,
ipgb20120807_wk32,INVENTOR_G,15314,0,NULL,
pgb20030708_wk27,FORPATCIT_G,9389,0,NULL,
pgb20031021_wk42,FORPATCIT_G,8860,0,NULL,
ipgb20080722_wk30,INVENTOR_G,8166,0,NULL,
pgb20020813_wk33,FORPATCIT_G,10671,0,NULL,
ipgb20071211_wk50,INVENTOR_G,8550,0,NULL,
pgb20020820_wk34,FORPATCIT_G,10364,0,NULL,
ipgb20071218_wk51,INVENTOR_G,6180,0,NULL,
ipgb20101005_wk40,INVENTOR_G,12460,0,NULL,
ipgb20050719_wk29,USCLASS_G,26453,0,NULL,
ipgb20070918_wk38,INVENTOR_G,8663,0,NULL,
ipgb20050208_wk06,INVENTOR_G,7690,0,NULL,
ipgb20091124_wk47,INVENTOR_G,9647,0,NULL,
ipgb20061107_wk45,INVENTOR_G,8472,0,NULL,
ipgb20090825_wk34,INVENTOR_G,9160,0,NULL,
pgb20040824_wk34,AGENT_G,4197,0,NULL,
ipgb20060808_wk32,INVENTOR_G,9509,0,NULL,
pgb20040907_wk36,FORPATCIT_G,7312,0,NULL,
pgb20040525_wk21,AGENT_G,4173,0,NULL,
pgb20020101_wk01,AGENT_G,2366,0,NULL,
ipgb20050927_wk39,INVENTOR_G,7444,0,NULL,
pgb20030701_wk26,AGENT_G,4227,0,NULL,
ipgb20121113_wk46,INVENTOR_G,14458,0,NULL,
pgb20020115_wk03,FORPATCIT_G,4554,0,NULL,
ipgb20081028_wk44,INVENTOR_G,9710,0,NULL,
pgb20020806_wk32,AGENT_G,4331,0,NULL,
ipgb20120814_wk33,INVENTOR_G,15246,0,NULL,
pgb20030715_wk28,FORPATCIT_G,9730,0,NULL,
pgb20031028_wk43,FORPATCIT_G,9127,0,NULL,
pgb20020827_wk35,FORPATCIT_G,10077,0,NULL,
ipgb20071225_wk52,INVENTOR_G,8736,0,NULL,
ipgb20101012_wk41,INVENTOR_G,12384,0,NULL,
ipgb20050726_wk30,USCLASS_G,21949,0,NULL,
ipgb20070925_wk39,INVENTOR_G,6830,0,NULL,
ipgb20050215_wk07,INVENTOR_G,8012,0,NULL,
ipgb20091201_wk48,INVENTOR_G,10012,0,NULL,
ipgb20061114_wk46,INVENTOR_G,8392,0,NULL,
ipgb20090901_wk35,INVENTOR_G,9644,0,NULL,
pgb20040831_wk35,AGENT_G,4236,0,NULL,
ipgb20060815_wk33,INVENTOR_G,10123,0,NULL,
pgb20040914_wk37,FORPATCIT_G,6881,0,NULL,
pgb20040601_wk22,AGENT_G,4029,0,NULL,
pgb20020108_wk02,AGENT_G,2354,0,NULL,
ipgb20051004_wk40,INVENTOR_G,5162,0,NULL,
pgb20030708_wk27,AGENT_G,4258,0,NULL,
pgb20031021_wk42,AGENT_G,3858,0,NULL,
ipgb20121120_wk47,INVENTOR_G,11319,0,NULL,
pgb20020122_wk04,FORPATCIT_G,4267,0,NULL,
ipgb20081104_wk45,INVENTOR_G,9583,0,NULL,
pgb20020813_wk33,AGENT_G,4949,0,NULL,
ipgb20120821_wk34,INVENTOR_G,14876,0,NULL,
pgb20030722_wk29,FORPATCIT_G,9400,0,NULL,
pgb20031104_wk44,FORPATCIT_G,9177,0,NULL,
pgb20030729_wk30,FORPATCIT_G,8736,0,NULL,
pgb20031111_wk45,FORPATCIT_G,10759,0,NULL,
pgb20020903_wk36,FORPATCIT_G,9205,0,NULL,
ipgb20080101_wk01,INVENTOR_G,6888,0,NULL,
ipgb20101019_wk42,INVENTOR_G,12154,0,NULL,
ipgb20050802_wk31,USCLASS_G,29473,0,NULL,
ipgb20071002_wk40,INVENTOR_G,8389,0,NULL,
ipgb20050222_wk08,INVENTOR_G,7467,0,NULL,
ipgb20091208_wk49,INVENTOR_G,9822,0,NULL,
ipgb20061121_wk47,INVENTOR_G,8073,0,NULL,
ipgb20090908_wk36,INVENTOR_G,9432,0,NULL,
pgb20040907_wk36,AGENT_G,4300,0,NULL,
ipgb20060822_wk34,INVENTOR_G,8930,0,NULL,
pgb20040921_wk38,FORPATCIT_G,7100,0,NULL,
pgb20020115_wk03,AGENT_G,1941,0,NULL,
ipgb20051011_wk41,INVENTOR_G,5662,0,NULL,
pgb20030715_wk28,AGENT_G,4273,0,NULL,
pgb20031028_wk43,AGENT_G,4153,0,NULL,
ipgb20121127_wk48,INVENTOR_G,15672,0,NULL,
pgb20020129_wk05,FORPATCIT_G,5756,0,NULL,
ipgb20081111_wk46,INVENTOR_G,9974,0,NULL,
pgb20020820_wk34,AGENT_G,4986,0,NULL,
ipgb20120828_wk35,INVENTOR_G,14965,0,NULL,
ipgb20081118_wk47,INVENTOR_G,9572,0,NULL,
pgb20020827_wk35,AGENT_G,4964,0,NULL,
ipgb20120904_wk36,INVENTOR_G,14864,0,NULL,
pgb20030805_wk31,FORPATCIT_G,9009,0,NULL,
pgb20031118_wk46,FORPATCIT_G,10476,0,NULL,
pgb20020910_wk37,FORPATCIT_G,9629,0,NULL,
ipgb20080108_wk02,INVENTOR_G,6630,0,NULL,
ipgb20101026_wk43,INVENTOR_G,12818,0,NULL,
ipgb20050809_wk32,USCLASS_G,28139,0,NULL,
ipgb20071009_wk41,INVENTOR_G,8927,0,NULL,
ipgb20050301_wk09,INVENTOR_G,7225,0,NULL,
ipgb20091215_wk50,INVENTOR_G,9806,0,NULL,
ipgb20061128_wk48,INVENTOR_G,9334,0,NULL,
ipgb20090915_wk37,INVENTOR_G,9385,0,NULL,
pgb20040914_wk37,AGENT_G,4159,0,NULL,
ipgb20060829_wk35,INVENTOR_G,9856,0,NULL,
ipgb20060117_wk03,INVENTOR_G,5469,0,NULL,
pgb20040928_wk39,FORPATCIT_G,6788,0,NULL,
pgb20020122_wk04,AGENT_G,1822,0,NULL,
ipgb20051018_wk42,INVENTOR_G,6329,0,NULL,
pgb20030722_wk29,AGENT_G,4279,0,NULL,
pgb20031104_wk44,AGENT_G,4418,0,NULL,
ipgb20121204_wk49,INVENTOR_G,15800,0,NULL,
pgb20020205_wk06,FORPATCIT_G,5319,0,NULL,
ipgb20121211_wk50,INVENTOR_G,15685,0,NULL,
pgb20020212_wk07,FORPATCIT_G,5266,0,NULL,
ipgb20081125_wk48,INVENTOR_G,9527,0,NULL,
pgb20020903_wk36,AGENT_G,4472,0,NULL,
ipgb20120911_wk37,INVENTOR_G,15268,0,NULL,
pgb20030812_wk32,FORPATCIT_G,7508,0,NULL,
pgb20031125_wk47,FORPATCIT_G,10998,0,NULL,
pgb20020917_wk38,FORPATCIT_G,10275,0,NULL,
ipgb20080115_wk03,INVENTOR_G,5766,0,NULL,
ipgb20101102_wk44,INVENTOR_G,12557,0,NULL,
ipgb20050816_wk33,USCLASS_G,30525,0,NULL,
ipgb20071016_wk42,INVENTOR_G,8589,0,NULL,
ipgb20050308_wk10,INVENTOR_G,7788,0,NULL,
ipgb20091222_wk51,INVENTOR_G,6430,0,NULL,
ipgb20061205_wk49,INVENTOR_G,8685,0,NULL,
ipgb20090922_wk38,INVENTOR_G,9486,0,NULL,
pgb20040921_wk38,AGENT_G,4273,0,NULL,
ipgb20060124_wk04,INVENTOR_G,6415,0,NULL,
pgb20041005_wk40,FORPATCIT_G,6233,0,NULL,
pgb20020129_wk05,AGENT_G,2436,0,NULL,
ipgb20051025_wk43,INVENTOR_G,5377,0,NULL,
pgb20030729_wk30,AGENT_G,3671,0,NULL,
pgb20031111_wk45,AGENT_G,4550,0,NULL,
pgb20030805_wk31,AGENT_G,3738,0,NULL,
pgb20031118_wk46,AGENT_G,4671,0,NULL,
ipgb20121218_wk51,INVENTOR_G,9313,0,NULL,
pgb20020219_wk08,FORPATCIT_G,4943,0,NULL,
ipgb20081202_wk49,INVENTOR_G,9306,0,NULL,
pgb20020910_wk37,AGENT_G,4479,0,NULL,
ipgb20120918_wk38,INVENTOR_G,15314,0,NULL,
pgb20030819_wk33,FORPATCIT_G,7994,0,NULL,
pgb20031202_wk48,FORPATCIT_G,9149,0,NULL,
ipgb20120207_wk06,INVENTOR_G,11148,0,NULL,
pgb20020924_wk39,FORPATCIT_G,9861,0,NULL,
ipgb20080122_wk04,INVENTOR_G,5561,0,NULL,
ipgb20101109_wk45,INVENTOR_G,12129,0,NULL,
ipgb20050823_wk34,USCLASS_G,30733,0,NULL,
ipgb20071023_wk43,INVENTOR_G,8613,0,NULL,
ipgb20050315_wk11,INVENTOR_G,7147,0,NULL,
ipgb20091229_wk52,INVENTOR_G,10544,0,NULL,
ipgb20061212_wk50,INVENTOR_G,9461,0,NULL,
ipgb20090929_wk39,INVENTOR_G,7592,0,NULL,
pgb20040928_wk39,AGENT_G,4146,0,NULL,
ipgb20060131_wk05,INVENTOR_G,8685,0,NULL,
pgb20041012_wk41,FORPATCIT_G,5706,0,NULL,
ipgb20050104_wk01,USCLASS_G,29064,0,NULL,
pgb20020205_wk06,AGENT_G,2454,0,NULL,
ipgb20051101_wk44,INVENTOR_G,6527,0,NULL,
ipgb20050111_wk02,USCLASS_G,30447,0,NULL,
pgb20020212_wk07,AGENT_G,2519,0,NULL,
ipgb20051108_wk45,INVENTOR_G,5571,0,NULL,
pgb20030812_wk32,AGENT_G,3080,0,NULL,
pgb20031125_wk47,AGENT_G,4587,0,NULL,
ipgb20121225_wk52,INVENTOR_G,16309,0,NULL,
pgb20020226_wk09,FORPATCIT_G,5676,0,NULL,
ipgb20081209_wk50,INVENTOR_G,8862,0,NULL,
pgb20020917_wk38,AGENT_G,4620,0,NULL,
pgb20030826_wk34,FORPATCIT_G,9182,0,NULL,
pgb20031209_wk49,FORPATCIT_G,10443,0,NULL,
ipgb20120214_wk07,INVENTOR_G,13632,0,NULL,
pgb20021001_wk40,FORPATCIT_G,8542,0,NULL,
ipgb20080129_wk05,INVENTOR_G,9114,0,NULL,
ipgb20101116_wk46,INVENTOR_G,13041,0,NULL,
ipgb20050830_wk35,USCLASS_G,33120,0,NULL,
ipgb20071030_wk44,INVENTOR_G,8743,0,NULL,
ipgb20050322_wk12,INVENTOR_G,7423,0,NULL,
ipgb20100105_wk01,INVENTOR_G,10604,0,NULL,
ipgb20061219_wk51,INVENTOR_G,6029,0,NULL,
ipgb20091006_wk40,INVENTOR_G,9894,0,NULL,
pgb20041005_wk40,AGENT_G,3410,0,NULL,
ipgb20060207_wk06,INVENTOR_G,8556,0,NULL,
pgb20041019_wk42,FORPATCIT_G,5816,0,NULL,
ipgb20060214_wk07,INVENTOR_G,9072,0,NULL,
pgb20041026_wk43,FORPATCIT_G,6007,0,NULL,
ipgb20050118_wk03,USCLASS_G,25195,0,NULL,
pgb20020219_wk08,AGENT_G,2535,0,NULL,
ipgb20051115_wk46,INVENTOR_G,5452,0,NULL,
pgb20030819_wk33,AGENT_G,3239,0,NULL,
pgb20031202_wk48,AGENT_G,4607,0,NULL,
ipgb20130101_wk01,INVENTOR_G,16269,0,NULL,
pgb20020305_wk10,FORPATCIT_G,5790,0,NULL,
ipgb20081216_wk51,INVENTOR_G,8510,0,NULL,
pgb20020924_wk39,AGENT_G,4851,0,NULL,
pgb20030902_wk35,FORPATCIT_G,9835,0,NULL,
pgb20031216_wk50,FORPATCIT_G,9341,0,NULL,
ipgb20120221_wk08,INVENTOR_G,13996,0,NULL,
pgb20021008_wk41,FORPATCIT_G,11930,0,NULL,
ipgb20080205_wk06,INVENTOR_G,9092,0,NULL,
ipgb20101123_wk47,INVENTOR_G,12988,0,NULL,
ipgb20050906_wk36,USCLASS_G,34651,0,NULL,
ipgb20071106_wk45,INVENTOR_G,8483,0,NULL,
ipgb20050329_wk13,INVENTOR_G,7223,0,NULL,
ipgb20100112_wk02,INVENTOR_G,9329,0,NULL,
ipgb20061226_wk52,INVENTOR_G,9505,0,NULL,
ipgb20091013_wk41,INVENTOR_G,10153,0,NULL,
pgb20041012_wk41,AGENT_G,3339,0,NULL,
ipgb20060221_wk08,INVENTOR_G,9527,0,NULL,
pgb20041102_wk44,FORPATCIT_G,6672,0,NULL,
ipgb20050125_wk04,USCLASS_G,25968,0,NULL,
pgb20020226_wk09,AGENT_G,2999,0,NULL,
ipgb20051122_wk47,INVENTOR_G,6287,0,NULL,
pgb20030826_wk34,AGENT_G,3474,0,NULL,
pgb20031209_wk49,AGENT_G,4663,0,NULL,
ipgb20130108_wk02,INVENTOR_G,15978,0,NULL,
pgb20020312_wk11,FORPATCIT_G,7573,0,NULL,
ipgb20081223_wk52,INVENTOR_G,5858,0,NULL,
pgb20021001_wk40,AGENT_G,3758,0,NULL,
pgb20030909_wk36,FORPATCIT_G,9391,0,NULL,
pgb20031223_wk51,FORPATCIT_G,6428,0,NULL,
ipgb20120228_wk09,INVENTOR_G,13796,0,NULL,
pgb20021015_wk42,FORPATCIT_G,9819,0,NULL,
ipgb20080212_wk07,INVENTOR_G,7734,0,NULL,
ipgb20101130_wk48,INVENTOR_G,11372,0,NULL,
ipgb20050913_wk37,USCLASS_G,33446,0,NULL,
ipgb20071113_wk46,INVENTOR_G,8540,0,NULL,
ipgb20050405_wk14,INVENTOR_G,7994,0,NULL,
ipgb20100119_wk03,INVENTOR_G,8830,0,NULL,
ipgb20070102_wk01,INVENTOR_G,9469,0,NULL,
ipgb20091020_wk42,INVENTOR_G,9793,0,NULL,
pgb20041019_wk42,AGENT_G,3528,0,NULL,
ipgb20090317_wk11,INVENTOR_G,9500,0,NULL,
ipgb20060228_wk09,INVENTOR_G,9389,0,NULL,
pgb20041109_wk45,FORPATCIT_G,6637,0,NULL,
ipgb20050201_wk05,USCLASS_G,31158,0,NULL,
pgb20020305_wk10,AGENT_G,2696,0,NULL,
ipgb20051129_wk48,INVENTOR_G,6941,0,NULL,
pgb20030902_wk35,AGENT_G,4469,0,NULL,
pgb20031216_wk50,AGENT_G,4442,0,NULL,
pgb20020319_wk12,FORPATCIT_G,8931,0,NULL,
ipgb20081230_wk53,INVENTOR_G,8834,0,NULL,
pgb20021008_wk41,AGENT_G,4161,0,NULL,
pgb20030916_wk37,FORPATCIT_G,8877,0,NULL,
pgb20031230_wk52,FORPATCIT_G,9325,0,NULL,
ipgb20120306_wk10,INVENTOR_G,14037,0,NULL,
pgb20021022_wk43,FORPATCIT_G,9794,0,NULL,
ipgb20080219_wk08,INVENTOR_G,9352,0,NULL,
ipgb20101207_wk49,INVENTOR_G,12952,0,NULL,
ipgb20050920_wk38,USCLASS_G,33846,0,NULL,
ipgb20071120_wk47,INVENTOR_G,9227,0,NULL,
ipgb20050412_wk15,INVENTOR_G,7748,0,NULL,
ipgb20100126_wk04,INVENTOR_G,9688,0,NULL,
ipgb20070109_wk02,INVENTOR_G,9562,0,NULL,
ipgb20091027_wk43,INVENTOR_G,9607,0,NULL,
pgb20041026_wk43,AGENT_G,3492,0,NULL,
pgb20041102_wk44,AGENT_G,3988,0,NULL,
ipgb20090324_wk12,INVENTOR_G,9318,0,NULL,
ipgb20060307_wk10,INVENTOR_G,9499,0,NULL,
pgb20041116_wk46,FORPATCIT_G,6573,0,NULL,
ipgb20050208_wk06,USCLASS_G,28348,0,NULL,
pgb20020312_wk11,AGENT_G,3811,0,NULL,
ipgb20051206_wk49,INVENTOR_G,6684,0,NULL,
pgb20030909_wk36,AGENT_G,4236,0,NULL,
pgb20031223_wk51,AGENT_G,3320,0,NULL,
pgb20020326_wk13,FORPATCIT_G,7890,0,NULL,
ipgb20090106_wk01,INVENTOR_G,8837,0,NULL,
pgb20021015_wk42,AGENT_G,4378,0,NULL,
pgb20030923_wk38,FORPATCIT_G,9464,0,NULL,
pgb20040106_wk01,FORPATCIT_G,10227,0,NULL,
ipgb20120313_wk11,INVENTOR_G,11442,0,NULL,
pgb20021029_wk44,FORPATCIT_G,9591,0,NULL,
ipgb20080226_wk09,INVENTOR_G,9251,0,NULL,
ipgb20101214_wk50,INVENTOR_G,12699,0,NULL,
ipgb20050927_wk39,USCLASS_G,27540,0,NULL,
ipgb20071127_wk48,INVENTOR_G,9031,0,NULL,
ipgb20050419_wk16,INVENTOR_G,7610,0,NULL,
ipgb20100202_wk05,INVENTOR_G,11098,0,NULL,
ipgb20070116_wk03,INVENTOR_G,6868,0,NULL,
ipgb20070123_wk04,INVENTOR_G,8184,0,NULL,
pgb20041109_wk45,AGENT_G,4115,0,NULL,
ipgb20090331_wk13,INVENTOR_G,9553,0,NULL,
ipgb20060314_wk11,INVENTOR_G,7547,0,NULL,
pgb20041123_wk47,FORPATCIT_G,7286,0,NULL,
ipgb20050215_wk07,USCLASS_G,30737,0,NULL,
pgb20020319_wk12,AGENT_G,4126,0,NULL,
ipgb20051213_wk50,INVENTOR_G,6831,0,NULL,
pgb20030916_wk37,AGENT_G,4102,0,NULL,
pgb20031230_wk52,AGENT_G,4462,0,NULL,
pgb20020402_wk14,FORPATCIT_G,8536,0,NULL,
ipgb20090113_wk02,INVENTOR_G,8285,0,NULL,
pgb20021022_wk43,AGENT_G,4317,0,NULL,
pgb20030930_wk39,FORPATCIT_G,9795,0,NULL,
pgb20040113_wk02,FORPATCIT_G,10280,0,NULL,
ipgb20120320_wk12,INVENTOR_G,14631,0,NULL,
pgb20021105_wk45,FORPATCIT_G,10849,0,NULL,
ipgb20080304_wk10,INVENTOR_G,9413,0,NULL,
ipgb20101221_wk51,INVENTOR_G,7861,0,NULL,
ipgb20051004_wk40,USCLASS_G,20222,0,NULL,
ipgb20071204_wk49,INVENTOR_G,9045,0,NULL,
ipgb20050426_wk17,INVENTOR_G,7768,0,NULL,
ipgb20070424_wk17,INVENTOR_G,8898,0,NULL,
ipgb20100209_wk06,INVENTOR_G,9494,0,NULL,
ipgb20100216_wk07,INVENTOR_G,11601,0,NULL,
ipgb20070130_wk05,INVENTOR_G,9827,0,NULL,
pgb20041116_wk46,AGENT_G,3991,0,NULL,
ipgb20090407_wk14,INVENTOR_G,9873,0,NULL,
ipgb20060321_wk12,INVENTOR_G,10167,0,NULL,
pgb20041130_wk48,FORPATCIT_G,8335,0,NULL,
ipgb20050222_wk08,USCLASS_G,28704,0,NULL,
pgb20020326_wk13,AGENT_G,4008,0,NULL,
ipgb20051220_wk51,INVENTOR_G,5983,0,NULL,
pgb20030923_wk38,AGENT_G,4156,0,NULL,
pgb20040106_wk01,AGENT_G,4483,0,NULL,
pgb20020409_wk15,FORPATCIT_G,10145,0,NULL,
ipgb20090120_wk03,INVENTOR_G,6997,0,NULL,
pgb20021029_wk44,AGENT_G,4258,0,NULL,
pgb20031007_wk40,FORPATCIT_G,6570,0,NULL,
pgb20040120_wk03,FORPATCIT_G,6557,0,NULL,
ipgb20120327_wk13,INVENTOR_G,13998,0,NULL,
pgb20021112_wk46,FORPATCIT_G,8844,0,NULL,
pgb20030225_wk08,FORPATCIT_G,10403,0,NULL,
ipgb20080311_wk11,INVENTOR_G,8357,0,NULL,
ipgb20101228_wk52,INVENTOR_G,13245,0,NULL,
ipgb20051011_wk41,USCLASS_G,20579,0,NULL,
ipgb20050503_wk18,INVENTOR_G,8328,0,NULL,
ipgb20070501_wk18,INVENTOR_G,8769,0,NULL,
ipgb20070508_wk19,INVENTOR_G,8821,0,NULL,
ipgb20100223_wk08,INVENTOR_G,11724,0,NULL,
ipgb20070206_wk06,INVENTOR_G,8056,0,NULL,
pgb20041123_wk47,AGENT_G,4077,0,NULL,
ipgb20090414_wk15,INVENTOR_G,9977,0,NULL,
ipgb20060328_wk13,INVENTOR_G,9988,0,NULL,
pgb20041207_wk49,FORPATCIT_G,6949,0,NULL,
ipgb20050301_wk09,USCLASS_G,28161,0,NULL,
pgb20020402_wk14,AGENT_G,4359,0,NULL,
ipgb20051227_wk52,INVENTOR_G,7158,0,NULL,
pgb20030930_wk39,AGENT_G,4280,0,NULL,
pgb20040113_wk02,AGENT_G,4454,0,NULL,
pgb20020416_wk16,FORPATCIT_G,9285,0,NULL,
ipgb20090127_wk04,INVENTOR_G,9379,0,NULL,
pgb20021105_wk45,AGENT_G,4586,0,NULL,
pgb20040127_wk04,FORPATCIT_G,8339,0,NULL,
ipgb20120403_wk14,INVENTOR_G,14775,0,NULL,
pgb20021119_wk47,FORPATCIT_G,8574,0,NULL,
pgb20030304_wk09,FORPATCIT_G,9622,0,NULL,
ipgb20080318_wk12,INVENTOR_G,9782,0,NULL,
ipgb20120103_wk01,INVENTOR_G,11502,0,NULL,
ipgb20051018_wk42,USCLASS_G,24565,0,NULL,
ipgb20050510_wk19,INVENTOR_G,8141,0,NULL,
ipgb20050517_wk20,INVENTOR_G,8514,0,NULL,
ipgb20070515_wk20,INVENTOR_G,8660,0,NULL,
ipgb20100302_wk09,INVENTOR_G,11946,0,NULL,
ipgb20070213_wk07,INVENTOR_G,9629,0,NULL,
pgb20041130_wk48,AGENT_G,4065,0,NULL,
ipgb20090421_wk16,INVENTOR_G,10057,0,NULL,
ipgb20060404_wk14,INVENTOR_G,9970,0,NULL,
pgb20041214_wk50,FORPATCIT_G,5868,0,NULL,
ipgb20050308_wk10,USCLASS_G,28959,0,NULL,
pgb20020409_wk15,AGENT_G,4512,0,NULL,
ipgb20060103_wk01,INVENTOR_G,5431,0,NULL,
pgb20031007_wk40,AGENT_G,2912,0,NULL,
pgb20040120_wk03,AGENT_G,3129,0,NULL,
pgb20020423_wk17,FORPATCIT_G,9742,0,NULL,
ipgb20090203_wk05,INVENTOR_G,9357,0,NULL,
pgb20021112_wk46,AGENT_G,4238,0,NULL,
pgb20040203_wk05,FORPATCIT_G,9532,0,NULL,
ipgb20120410_wk15,INVENTOR_G,14734,0,NULL,
pgb20021126_wk48,FORPATCIT_G,8963,0,NULL,
pgb20030311_wk10,FORPATCIT_G,7525,0,NULL,
ipgb20080325_wk13,INVENTOR_G,9589,0,NULL,
ipgb20120110_wk02,INVENTOR_G,13858,0,NULL,
ipgb20051025_wk43,USCLASS_G,21556,0,NULL,
ipgb20050524_wk21,INVENTOR_G,8457,0,NULL,
ipgb20070522_wk21,INVENTOR_G,8340,0,NULL,
ipgb20100309_wk10,INVENTOR_G,10107,0,NULL,
ipgb20070220_wk08,INVENTOR_G,9798,0,NULL,
pgb20041207_wk49,AGENT_G,3788,0,NULL,
ipgb20090428_wk17,INVENTOR_G,9500,0,NULL,
ipgb20060411_wk15,INVENTOR_G,9643,0,NULL,
pgb20041221_wk51,FORPATCIT_G,4543,0,NULL,
ipgb20050315_wk11,USCLASS_G,27527,0,NULL,
pgb20020416_wk16,AGENT_G,4626,0,NULL,
ipgb20060110_wk02,INVENTOR_G,6954,0,NULL,
pgb20031014_wk41,AGENT_G,3201,0,NULL,
pgb20040127_wk04,AGENT_G,3769,0,NULL,
pgb20020430_wk18,FORPATCIT_G,10033,0,NULL,
ipgb20050531_wk22,INVENTOR_G,7456,0,NULL,
ipgb20090210_wk06,INVENTOR_G,8204,0,NULL,
pgb20021119_wk47,AGENT_G,4145,0,NULL,
pgb20030304_wk09,AGENT_G,4425,0,NULL,
pgb20040210_wk06,FORPATCIT_G,10049,0,NULL,
ipgb20120417_wk16,INVENTOR_G,14340,0,NULL,
pgb20021203_wk49,FORPATCIT_G,8177,0,NULL,
pgb20030318_wk11,FORPATCIT_G,9028,0,NULL,
ipgb20080401_wk14,INVENTOR_G,9540,0,NULL,
ipgb20120117_wk03,INVENTOR_G,10917,0,NULL,
ipgb20051101_wk44,USCLASS_G,25130,0,NULL,
ipgb20120124_wk04,INVENTOR_G,12209,0,NULL,
ipgb20051108_wk45,USCLASS_G,21211,0,NULL,
ipgb20070529_wk22,INVENTOR_G,8584,0,NULL,
ipgb20100316_wk11,INVENTOR_G,12283,0,NULL,
ipgb20070227_wk09,INVENTOR_G,9565,0,NULL,
pgb20041214_wk50,AGENT_G,3376,0,NULL,
ipgb20090505_wk18,INVENTOR_G,9599,0,NULL,
ipgb20060418_wk16,INVENTOR_G,10420,0,NULL,
pgb20041228_wk52,FORPATCIT_G,5219,0,NULL,
ipgb20050322_wk12,USCLASS_G,27780,0,NULL,
pgb20020423_wk17,AGENT_G,4469,0,NULL,
pgb20040203_wk05,AGENT_G,4450,0,NULL,
pgb20020507_wk19,FORPATCIT_G,9740,0,NULL,
ipgb20050607_wk23,INVENTOR_G,8080,0,NULL,
ipgb20090217_wk07,INVENTOR_G,9605,0,NULL,
pgb20021126_wk48,AGENT_G,4302,0,NULL,
pgb20030311_wk10,AGENT_G,3346,0,NULL,
pgb20040217_wk07,FORPATCIT_G,9187,0,NULL,
ipgb20120424_wk17,INVENTOR_G,14261,0,NULL,
pgb20021210_wk50,FORPATCIT_G,8493,0,NULL,
pgb20030325_wk12,FORPATCIT_G,10339,0,NULL,
ipgb20080408_wk15,INVENTOR_G,9621,0,NULL,
